src/controllers/internship.controller.ts(234,27): error TS2339: Property 'matchScore' does not exist on type 'Document<unknown, {}, IInternship, {}, DefaultSchemaOptions> & IInternship & Required<{ _id: ObjectId; }> & { ...; } & { ...; }'.
src/models/User.ts(195,1): error TS2528: A module cannot have multiple default exports.
src/models/User.ts(197,1): error TS2528: A module cannot have multiple default exports.
src/routes/internship.routes.ts(7,5): error TS2724: '"../controllers/internship.controller"' has no exported member named 'getApplicants'. Did you mean 'getApplicantsList'?
src/routes/internship.routes.ts(10,5): error TS2305: Module '"../controllers/internship.controller"' has no exported member 'parentApproveApplication'.
src/routes/project.routes.ts(84,13): error TS2769: No overload matches this call.
  The last overload gave the following error.
    Object literal may only specify known properties, and 'postedBy' does not exist in type '{ founderId?: ObjectId | { readonly _bsontype?: StringQueryTypeCasting | undefined; id?: { [x: number]: number | undefined; readonly BYTES_PER_ELEMENT?: number | undefined; ... 31 more ...; readonly [Symbol.toStringTag]?: "Uint8Array" | undefined; } | { ...; } | undefined; ... 7 more ...; readonly [bsonType]?: Strin...'.
src/seed_incubator.ts(86,19): error TS2769: No overload matches this call.
  The last overload gave the following error.
    Type 'ObjectId' is not assignable to type '{ mentorId?: ObjectId | undefined; assignedAt?: Date | undefined; } | { mentorId?: ObjectId | { readonly _bsontype?: StringQueryTypeCasting | undefined; ... 8 more ...; readonly [bsonType]?: StringQueryTypeCasting | undefined; } | undefined; assignedAt?: Date | ... 1 more ... | undefined; }'.
src/seed_incubator.ts(96,9): error TS2769: No overload matches this call.
  The last overload gave the following error.
    Object literal may only specify known properties, and 'problem' does not exist in type '{ founderId?: ObjectId | { readonly _bsontype?: StringQueryTypeCasting | undefined; id?: { [x: number]: number | undefined; readonly BYTES_PER_ELEMENT?: number | undefined; ... 31 more ...; readonly [Symbol.toStringTag]?: "Uint8Array" | undefined; } | { ...; } | undefined; ... 7 more ...; readonly [bsonType]?: Strin...'.
src/seed_incubator.ts(109,47): error TS2339: Property 'name' does not exist on type 'never'.
src/seed_incubator.ts(109,62): error TS2339: Property 'name' does not exist on type 'never'.
src/seed_incubator.ts(113,27): error TS2339: Property '_id' does not exist on type 'never'.
src/services/ecosystem.service.ts(4,25): error TS2307: Cannot find module '../models/Transaction' or its corresponding type declarations.
src/services/symbiosis.service.ts(2,51): error TS2307: Cannot find module '../models/MicroInternship' or its corresponding type declarations.
src/services/symbiosis.service.ts(23,62): error TS7006: Parameter 'acc' implicitly has an 'any' type.
src/services/symbiosis.service.ts(23,67): error TS7006: Parameter 's' implicitly has an 'any' type.
src/services/symbiosis.service.ts(25,42): error TS7006: Parameter 'reqSkill' implicitly has an 'any' type.
src/services/symbiosis.service.ts(80,65): error TS7006: Parameter 'gig' implicitly has an 'any' type.
src/services/symbiosis.service.ts(90,21): error TS7006: Parameter 'match' implicitly has an 'any' type.
src/services/symbiosis.service.ts(91,20): error TS7006: Parameter 'a' implicitly has an 'any' type.
src/services/symbiosis.service.ts(91,23): error TS7006: Parameter 'b' implicitly has an 'any' type.
